// Jest Snapshot v1, https://goo.gl/fbAQLP

exports[`<Title /> matches snapshot 1`] = `
Array [
  <div
    className="sc-bdfBwQ iBYTrY"
    color="#ffffff"
    data-testid="title-bar-div"
  >
    <div
      className="sc-gsTCUz heEpZ"
    >
      <div
        className="sc-eCssSg hMcpmq"
      >
        <div
          className="sc-hKgILt klPTWy"
        >
          
        </div>
      </div>
      <div
        className="sc-jSgupP bPwDQU"
      >
        <div
          className="sc-bqyKva eoKSDV"
        >
          System Register
        </div>
      </div>
    </div>
  </div>,
  <div
    className="sc-dlfnbm ivQkZE"
  />,
]
`;
